// Jest Snapshot v1, https://goo.gl/fbAQLP

exports[`should render correctly 1`] = `
<View
  accessible={true}
  focusable={false}
  onClick={[Function]}
  onResponderGrant={[Function]}
  onResponderMove={[Function]}
  onResponderRelease={[Function]}
  onResponderTerminate={[Function]}
  onResponderTerminationRequest={[Function]}
  onStartShouldSetResponder={[Function]}
  style={
    Object {
      "alignItems": "center",
      "backgroundColor": "#8e24aa",
      "borderRadius": 5,
      "justifyContent": "center",
      "margin": 10,
      "opacity": 1,
      "padding": 10,
    }
  }
  testID="button-touchable"
>
  <Text
    style={
      Object {
        "color": "white",
        "fontSize": 15,
      }
    }
    testID="button-text"
  >
    
  </Text>
</View>
`;
